*** Using Compiler 'V6.21', folder: 'D:\Keil_v5\ARM\ARMCLANG\Bin'
Rebuild target 'autocar'
compiling pid.c...
compiling control_pid.c...
compiling servo_control.c...
compiling remote_command.c...
compiling motor_control.c...
compiling track_vision.c...
compiling zf_common_interrupt.c...
compiling isr.c...
compiling main.c...
compiling img_process.c...
compiling autonomous_drive.c...
compiling remote_control.c...
compiling zf_common_function.c...
compiling autonomous_control.c...
compiling encoder_feedback.c...
compiling zf_common_fifo.c...
compiling zf_common_vector.c...
compiling zf_common_clock.c...
compiling zf_common_debug.c...
compiling camera_debug.c...
compiling zf_driver_adc.c...
compiling zf_common_font.c...
compiling camera_display.c...
compiling zf_driver_csi.c...
compiling zf_driver_delay.c...
compiling zf_driver_encoder.c...
compiling zf_driver_exti.c...
compiling zf_driver_flash.c...
compiling zf_driver_flexio_csi.c...
compiling zf_driver_gpio.c...
compiling zf_driver_romapi.c...
compiling zf_driver_pwm.c...
compiling zf_driver_pit.c...
compiling zf_driver_iic.c...
compiling zf_driver_sdio.c...
compiling zf_driver_soft_iic.c...
compiling zf_driver_soft_spi.c...
compiling zf_driver_timer.c...
compiling zf_driver_uart.c...
compiling zf_driver_spi.c...
compiling zf_device_absolute_encoder.c...
compiling zf_driver_usb_cdc.c...
compiling zf_device_bluetooth_ch9141.c...
compiling zf_device_imu963ra.c...
compiling zf_device_icm20602.c...
compiling zf_device_imu660rc.c...
compiling zf_device_imu660rb.c...
compiling zf_device_imu660ra.c...
compiling zf_device_camera.c...
compiling zf_device_mpu6050.c...
compiling zf_device_key.c...
compiling zf_device_ips114.c...
compiling zf_device_mt9v03x.c...
compiling zf_device_ips200.c...
compiling zf_device_mt9v03x_flexio.c...
compiling zf_device_virtual_oscilloscope.c...
compiling zf_device_type.c...
compiling zf_device_scc8660_flexio.c...
compiling zf_device_ov7725.c...
compiling zf_device_tft180.c...
compiling zf_device_oled.c...
compiling zf_device_tsl1401.c...
compiling zf_device_scc8660.c...
compiling zf_device_dl1b.c...
compiling zf_device_wifi_uart.c...
compiling zf_device_wireless_uart.c...
compiling zf_device_dl1a.c...
compiling fsl_bee.c...
compiling zf_device_ips200pro.c...
compiling fsl_aipstz.c...
compiling seekfree_assistant.c...
compiling seekfree_assistant_interface.c...
compiling fsl_adc_etc.c...
compiling zf_device_wifi_spi.c...
compiling zf_device_gnss.c...
compiling zf_device_ble6a20.c...
compiling fsl_aoi.c...
compiling fsl_adc.c...
compiling fsl_cache.c...
compiling fsl_common.c...
compiling fsl_common_arm.c...
compiling fsl_clock.c...
compiling fsl_cmp.c...
compiling fsl_csi.c...
compiling fsl_dmamux.c...
compiling fsl_dcdc.c...
compiling fsl_elcdif.c...
compiling fsl_dcp.c...
compiling fsl_edma.c...
compiling fsl_flexio_camera.c...
compiling fsl_enc.c...
compiling fsl_flexio.c...
compiling fsl_flexcan_edma.c...
compiling fsl_ewm.c...
compiling fsl_enet.c...
compiling fsl_flexio_i2s.c...
compiling fsl_flexio_i2s_edma.c...
compiling fsl_flexio_camera_edma.c...
compiling fsl_flexio_i2c_master.c...
compiling fsl_flexio_mculcd.c...
compiling fsl_flexcan.c...
compiling fsl_flexio_mculcd_edma.c...
compiling fsl_flexio_spi.c...
compiling fsl_flexio_spi_edma.c...
compiling fsl_flexram.c...
compiling fsl_flexio_uart.c...
compiling fsl_flexram_allocate.c...
compiling fsl_flexio_uart_edma.c...
compiling fsl_flexspi.c...
compiling fsl_gpc.c...
compiling fsl_gpio.c...
compiling fsl_gpt.c...
compiling fsl_kpp.c...
compiling fsl_lpuart_edma.c...
compiling fsl_ocotp.c...
compiling fsl_lpi2c_edma.c...
compiling fsl_pmu.c...
compiling fsl_lpuart.c...
compiling fsl_lpi2c.c...
compiling fsl_lpspi.c...
compiling fsl_lpspi_edma.c...
compiling fsl_pwm.c...
compiling fsl_rtwdog.c...
compiling fsl_qtmr.c...
compiling fsl_pit.c...
compiling fsl_pxp.c...
compiling fsl_snvs_hp.c...
compiling fsl_sai_edma.c...
compiling fsl_sai.c...
compiling fsl_semc.c...
compiling fsl_snvs_lp.c...
compiling fsl_spdif_edma.c...
compiling fsl_spdif.c...
compiling fsl_src.c...
compiling fsl_tempmon.c...
compiling fsl_trng.c...
compiling fsl_xbara.c...
compiling fsl_wdog.c...
compiling fsl_tsc.c...
compiling evkmimxrt1064_sdram_ini_dcd.c...
compiling fsl_flexspi_nor_boot.c...
compiling board.c...
compiling clock_config.c...
compiling fsl_usdhc.c...
compiling fsl_xbarb.c...
compiling evkmimxrt1064_flexspi_nor_config.c...
compiling system_MIMXRT1064.c...
compiling fsl_assert.c...
compiling ffunicode.c...
compiling diskio.c...
compiling fsl_debug_console.c...
compiling fsl_component_generic_list.c...
compiling fsl_os_abstraction_bm.c...
compiling ffsystem.c...
compiling fsl_adapter_lpuart.c...
compiling ff.c...
compiling fsl_sdmmc_host.c...
compiling fsl_sd_disk.c...
compiling sdmmc_config.c...
compiling fsl_sdmmc_osa.c...
compiling fsl_sdmmc_common.c...
assembling startup_MIMXRT1064.S...
compiling usb_device_ehci.c...
compiling fsl_sd.c...
compiling usb_device_class.c...
compiling usb_device_dci.c...
compiling usb_device_descriptor.c...
compiling usb_phy.c...
compiling usb_device_ch9.c...
compiling usb_device_cdc_acm.c...
linking...
Program Size: Code=105320 RO-data=13172 RW-data=300 ZI-data=104684  
FromELF: creating hex file...
"..\tmp\build-autocar\objects\autocar.axf" - 0 Error(s), 0 Warning(s).
Build Time Elapsed:  00:00:04
